TrainWorker starting up.
Queue handler started.
TrainWorker setted up.
Training started.
Buffer too small: expected at least 256, got 0
Workers started.
Buffer too small: expected at least 256, got 0
Buffer too small: expected at least 256, got 0
Buffer too small: expected at least 256, got 0
Buffer too small: expected at least 256, got 0
Starting evaluation.
Buffer too small: expected at least 256, got 0
Buffer too small: expected at least 256, got 0
Buffer too small: expected at least 256, got 0
Buffer too small: expected at least 256, got 0
Buffer too small: expected at least 256, got 0
Buffer too small: expected at least 256, got 0
Buffer too small: expected at least 256, got 0
Buffer too small: expected at least 256, got 0
Buffer too small: expected at least 256, got 0
Buffer too small: expected at least 256, got 0
Buffer too small: expected at least 256, got 0
Buffer too small: expected at least 256, got 0
Buffer too small: expected at least 256, got 0
Buffer too small: expected at least 256, got 0
Buffer too small: expected at least 256, got 0
Buffer too small: expected at least 256, got 0
Buffer too small: expected at least 256, got 0
Buffer too small: expected at least 256, got 0
Buffer too small: expected at least 256, got 0
Buffer too small: expected at least 256, got 0
Buffer too small: expected at least 256, got 0
Buffer too small: expected at least 256, got 0
Buffer too small: expected at least 256, got 0
Buffer too small: expected at least 256, got 0
Buffer too small: expected at least 256, got 2
Buffer too small: expected at least 256, got 9
Buffer too small: expected at least 256, got 21
Buffer too small: expected at least 256, got 33
Buffer too small: expected at least 256, got 44
Finished evaluation -0.050625.
Buffer too small: expected at least 256, got 54
Buffer too small: expected at least 256, got 65
Buffer too small: expected at least 256, got 77
Buffer too small: expected at least 256, got 89
Buffer too small: expected at least 256, got 101
Buffer too small: expected at least 256, got 113
Buffer too small: expected at least 256, got 125
Buffer too small: expected at least 256, got 138
Buffer too small: expected at least 256, got 149
Buffer too small: expected at least 256, got 156
Buffer too small: expected at least 256, got 164
Buffer too small: expected at least 256, got 172
Buffer too small: expected at least 256, got 180
Buffer too small: expected at least 256, got 186
Buffer too small: expected at least 256, got 194
Buffer too small: expected at least 256, got 203
Buffer too small: expected at least 256, got 211
Buffer too small: expected at least 256, got 219
Sent model state dict to worker.
Buffer too small: expected at least 256, got 229
Buffer too small: expected at least 256, got 235
Buffer too small: expected at least 256, got 245
Sent model state dict to worker.
Buffer too small: expected at least 256, got 253
Finished evaluation -0.050625.
Sent model state dict to worker.
Sent model state dict to worker.
Sent model state dict to worker.
Sent model state dict to worker.
Sent model state dict to worker.
Finished evaluation -0.091500.
Sent model state dict to worker.
Sent model state dict to worker.
Sent model state dict to worker.
Sent model state dict to worker.
Sent model state dict to worker.
Sent model state dict to worker.
Sent model state dict to worker.
Sent model state dict to worker.
Finished evaluation -0.063250.
Sent model state dict to worker.
Sent model state dict to worker.
Sent model state dict to worker.
Sent model state dict to worker.
Sent model state dict to worker.
Sent model state dict to worker.
Sent model state dict to worker.
Sent model state dict to worker.
Finished evaluation -0.087188.
Sent model state dict to worker.
Sent model state dict to worker.
Sent model state dict to worker.
Sent model state dict to worker.
Sent model state dict to worker.
Sent model state dict to worker.
Sent model state dict to worker.
Finished evaluation -0.087594.
Sent model state dict to worker.
Sent model state dict to worker.
Sent model state dict to worker.
Sent model state dict to worker.
Sent model state dict to worker.
Sent model state dict to worker.
Sent model state dict to worker.
Sent model state dict to worker.
Sent model state dict to worker.
Sent model state dict to worker.
Sent model state dict to worker.
Sent model state dict to worker.
Finished evaluation -0.105906.
Sent model state dict to worker.
Sent model state dict to worker.
Sent model state dict to worker.
Sent model state dict to worker.
Sent model state dict to worker.
Sent model state dict to worker.
Sent model state dict to worker.
Finished evaluation -0.061094.
Sent model state dict to worker.
Sent model state dict to worker.
Sent model state dict to worker.
Sent model state dict to worker.
Sent model state dict to worker.
Sent model state dict to worker.
Sent model state dict to worker.
Sent model state dict to worker.
Sent model state dict to worker.
Sent model state dict to worker.
Sent model state dict to worker.
Sent model state dict to worker.
Sent model state dict to worker.
Sent model state dict to worker.
Sent model state dict to worker.
Sent model state dict to worker.
Sent model state dict to worker.
Sent model state dict to worker.
Sent model state dict to worker.
Finished evaluation -0.180984.
Sent model state dict to worker.
Sent model state dict to worker.
Sent model state dict to worker.
